// Jest Snapshot v1, https://goo.gl/fbAQLP

exports[`renders homepage unchanged 1`] = `
<div>
  <div
    class="MuiBox-root css-12fhbu0"
  >
    <div
      class="css-1p5q5e5-MuiStack-root"
    >
      <h3
        class="MuiTypography-root MuiTypography-h3 css-gepadz-MuiTypography-root"
      >
        Welcome to
      </h3>
      <h1
        class="MuiTypography-root MuiTypography-h1 css-o2w69a-MuiTypography-root"
      >
        SIPR Admin Page
      </h1>
      <a
        class="MuiButton-root MuiButton-text MuiButton-textPrimary MuiButton-sizeMedium MuiButton-textSizeMedium MuiButtonBase-root  css-1e6y48t-MuiButtonBase-root-MuiButton-root"
        href="/login"
        tabindex="0"
      >
        Login
        <span
          class="MuiTouchRipple-root css-8je8zh-MuiTouchRipple-root"
        />
      </a>
    </div>
  </div>
</div>
`;
